------------------------------------------------------------
Timing Analyzer Summary
------------------------------------------------------------

Type  : Slow 1100mV 85C Model Setup 'clk'
Slack : -0.324
TNS   : -1.195

Type  : Slow 1100mV 85C Model Hold 'clk'
Slack : 0.538
TNS   : 0.000

Type  : Slow 1100mV 85C Model Minimum Pulse Width 'clk'
Slack : -0.724
TNS   : -4.430

Type  : Slow 1100mV 0C Model Setup 'clk'
Slack : -0.240
TNS   : -0.891

Type  : Slow 1100mV 0C Model Hold 'clk'
Slack : 0.507
TNS   : 0.000

Type  : Slow 1100mV 0C Model Minimum Pulse Width 'clk'
Slack : -0.724
TNS   : -4.520

Type  : Fast 1100mV 85C Model Setup 'clk'
Slack : 0.401
TNS   : 0.000

Type  : Fast 1100mV 85C Model Hold 'clk'
Slack : 0.241
TNS   : 0.000

Type  : Fast 1100mV 85C Model Minimum Pulse Width 'clk'
Slack : -0.079
TNS   : -0.314

Type  : Fast 1100mV 0C Model Setup 'clk'
Slack : 0.446
TNS   : 0.000

Type  : Fast 1100mV 0C Model Hold 'clk'
Slack : 0.216
TNS   : 0.000

Type  : Fast 1100mV 0C Model Minimum Pulse Width 'clk'
Slack : -0.080
TNS   : -0.316

------------------------------------------------------------
