------------------------------------------------------------
Timing Analyzer Summary
------------------------------------------------------------

Type  : Slow 1100mV 85C Model Setup 'clk'
Slack : -2.810
TNS   : -10.402

Type  : Slow 1100mV 85C Model Hold 'clk'
Slack : 0.602
TNS   : 0.000

Type  : Slow 1100mV 85C Model Recovery 'clk'
Slack : -1.903
TNS   : -7.598

Type  : Slow 1100mV 85C Model Removal 'clk'
Slack : 0.970
TNS   : 0.000

Type  : Slow 1100mV 85C Model Minimum Pulse Width 'clk'
Slack : -0.724
TNS   : -4.430

Type  : Slow 1100mV 85C Model Minimum Pulse Width 'rst'
Slack : 0.397
TNS   : 0.000

Type  : Slow 1100mV 0C Model Setup 'clk'
Slack : -2.905
TNS   : -10.511

Type  : Slow 1100mV 0C Model Hold 'clk'
Slack : 0.430
TNS   : 0.000

Type  : Slow 1100mV 0C Model Recovery 'clk'
Slack : -1.579
TNS   : -6.298

Type  : Slow 1100mV 0C Model Removal 'clk'
Slack : 0.485
TNS   : 0.000

Type  : Slow 1100mV 0C Model Minimum Pulse Width 'clk'
Slack : -0.724
TNS   : -4.520

Type  : Slow 1100mV 0C Model Minimum Pulse Width 'rst'
Slack : 0.444
TNS   : 0.000

Type  : Fast 1100mV 85C Model Setup 'clk'
Slack : -1.333
TNS   : -5.163

Type  : Fast 1100mV 85C Model Hold 'clk'
Slack : 0.216
TNS   : 0.000

Type  : Fast 1100mV 85C Model Recovery 'clk'
Slack : -1.278
TNS   : -5.110

Type  : Fast 1100mV 85C Model Removal 'clk'
Slack : 0.347
TNS   : 0.000

Type  : Fast 1100mV 85C Model Minimum Pulse Width 'clk'
Slack : -0.079
TNS   : -0.314

Type  : Fast 1100mV 85C Model Minimum Pulse Width 'rst'
Slack : 0.113
TNS   : 0.000

Type  : Fast 1100mV 0C Model Setup 'clk'
Slack : -1.139
TNS   : -4.438

Type  : Fast 1100mV 0C Model Hold 'clk'
Slack : 0.106
TNS   : 0.000

Type  : Fast 1100mV 0C Model Recovery 'clk'
Slack : -1.088
TNS   : -4.350

Type  : Fast 1100mV 0C Model Removal 'clk'
Slack : 0.238
TNS   : 0.000

Type  : Fast 1100mV 0C Model Minimum Pulse Width 'clk'
Slack : -0.080
TNS   : -0.316

Type  : Fast 1100mV 0C Model Minimum Pulse Width 'rst'
Slack : 0.091
TNS   : 0.000

------------------------------------------------------------
